Archive member included because of file (symbol)

d:/programs/winavr-20100110/bin/../lib/gcc/avr/4.3.3/avr4\libgcc.a(_exit.o)
                              d:/programs/winavr-20100110/bin/../lib/gcc/avr/4.3.3/../../../../avr/lib/avr4/crtm8.o (exit)
d:/programs/winavr-20100110/bin/../lib/gcc/avr/4.3.3/avr4\libgcc.a(_copy_data.o)
                              usbdrv.o (__do_copy_data)
d:/programs/winavr-20100110/bin/../lib/gcc/avr/4.3.3/avr4\libgcc.a(_clear_bss.o)
                              20130212_mega8_usbisp.o (__do_clear_bss)

Allocating common symbols
Common symbol       size              file

usbTxBuf            0xb               usbdrv.o
usbDeviceAddr       0x1               usbdrv.o
usbRxToken          0x1               usbdrv.o
usbInputBufOffset   0x1               usbdrv.o
sck_spsr            0x1               isp.o
ispTransmit         0x2               20130212_mega8_usbisp.o
sck_spcr            0x1               isp.o
usbMsgPtr           0x2               usbdrv.o
usbRxLen            0x1               usbdrv.o
usbNewDeviceAddr    0x1               usbdrv.o
usbCurrentTok       0x1               usbdrv.o
usbConfiguration    0x1               usbdrv.o
usbRxBuf            0x16              usbdrv.o
sck_sw_delay        0x1               isp.o

Memory Configuration

Name             Origin             Length             Attributes
text             0x00000000         0x00002000         xr
data             0x00800060         0x0000ffa0         rw !x
eeprom           0x00810000         0x00010000         rw !x
fuse             0x00820000         0x00000400         rw !x
lock             0x00830000         0x00000400         rw !x
signature        0x00840000         0x00000400         rw !x
*default*        0x00000000         0xffffffff

Linker script and memory map

LOAD d:/programs/winavr-20100110/bin/../lib/gcc/avr/4.3.3/../../../../avr/lib/avr4/crtm8.o
LOAD 20130212_mega8_usbisp.o
LOAD clock.o
LOAD isp.o
LOAD oddebug.o
LOAD usbdrv.o
LOAD usbdrvasm.o
LOAD d:/programs/winavr-20100110/bin/../lib/gcc/avr/4.3.3/avr4\libgcc.a
LOAD d:/programs/winavr-20100110/bin/../lib/gcc/avr/4.3.3/../../../../avr/lib/avr4\libc.a
LOAD d:/programs/winavr-20100110/bin/../lib/gcc/avr/4.3.3/avr4\libgcc.a

.hash
 *(.hash)

.dynsym
 *(.dynsym)

.dynstr
 *(.dynstr)

.gnu.version
 *(.gnu.version)

.gnu.version_d
 *(.gnu.version_d)

.gnu.version_r
 *(.gnu.version_r)

.rel.init
 *(.rel.init)

.rela.init
 *(.rela.init)

.rel.text
 *(.rel.text)
 *(.rel.text.*)
 *(.rel.gnu.linkonce.t*)

.rela.text
 *(.rela.text)
 *(.rela.text.*)
 *(.rela.gnu.linkonce.t*)

.rel.fini
 *(.rel.fini)

.rela.fini
 *(.rela.fini)

.rel.rodata
 *(.rel.rodata)
 *(.rel.rodata.*)
 *(.rel.gnu.linkonce.r*)

.rela.rodata
 *(.rela.rodata)
 *(.rela.rodata.*)
 *(.rela.gnu.linkonce.r*)

.rel.data
 *(.rel.data)
 *(.rel.data.*)
 *(.rel.gnu.linkonce.d*)

.rela.data
 *(.rela.data)
 *(.rela.data.*)
 *(.rela.gnu.linkonce.d*)

.rel.ctors
 *(.rel.ctors)

.rela.ctors
 *(.rela.ctors)

.rel.dtors
 *(.rel.dtors)

.rela.dtors
 *(.rela.dtors)

.rel.got
 *(.rel.got)

.rela.got
 *(.rela.got)

.rel.bss
 *(.rel.bss)

.rela.bss
 *(.rela.bss)

.rel.plt
 *(.rel.plt)

.rela.plt
 *(.rela.plt)

.text           0x00000000      0xda0
 *(.vectors)
 .vectors       0x00000000       0x26 d:/programs/winavr-20100110/bin/../lib/gcc/avr/4.3.3/../../../../avr/lib/avr4/crtm8.o
                0x00000000                __vectors
                0x00000000                __vector_default
 *(.vectors)
 *(.progmem.gcc*)
 *(.progmem*)
 .progmem.data  0x00000026       0x52 usbdrv.o
                0x00000054                usbDescriptorDevice
                0x00000026                usbDescriptorString0
                0x00000066                usbDescriptorConfiguration
                0x0000002a                usbDescriptorStringVendor
                0x00000046                usbDescriptorStringDevice
                0x00000078                . = ALIGN (0x2)
                0x00000078                __trampolines_start = .
 *(.trampolines)
 .trampolines   0x00000078        0x0 linker stubs
 *(.trampolines*)
                0x00000078                __trampolines_end = .
 *(.jumptables)
 *(.jumptables*)
 *(.lowtext)
 *(.lowtext*)
                0x00000078                __ctors_start = .
 *(.ctors)
                0x00000078                __ctors_end = .
                0x00000078                __dtors_start = .
 *(.dtors)
                0x00000078                __dtors_end = .
 SORT(*)(.ctors)
 SORT(*)(.dtors)
 *(.init0)
 .init0         0x00000078        0x0 d:/programs/winavr-20100110/bin/../lib/gcc/avr/4.3.3/../../../../avr/lib/avr4/crtm8.o
                0x00000078                __init
 *(.init0)
 *(.init1)
 *(.init1)
 *(.init2)
 .init2         0x00000078        0xc d:/programs/winavr-20100110/bin/../lib/gcc/avr/4.3.3/../../../../avr/lib/avr4/crtm8.o
 *(.init2)
 *(.init3)
 *(.init3)
 *(.init4)
 .init4         0x00000084       0x16 d:/programs/winavr-20100110/bin/../lib/gcc/avr/4.3.3/avr4\libgcc.a(_copy_data.o)
                0x00000084                __do_copy_data
 .init4         0x0000009a       0x10 d:/programs/winavr-20100110/bin/../lib/gcc/avr/4.3.3/avr4\libgcc.a(_clear_bss.o)
                0x0000009a                __do_clear_bss
 *(.init4)
 *(.init5)
 *(.init5)
 *(.init6)
 *(.init6)
 *(.init7)
 *(.init7)
 *(.init8)
 *(.init8)
 *(.init9)
 .init9         0x000000aa        0x4 d:/programs/winavr-20100110/bin/../lib/gcc/avr/4.3.3/../../../../avr/lib/avr4/crtm8.o
 *(.init9)
 *(.text)
 .text          0x000000ae        0x2 d:/programs/winavr-20100110/bin/../lib/gcc/avr/4.3.3/../../../../avr/lib/avr4/crtm8.o
                0x000000ae                __vector_12
                0x000000ae                __bad_interrupt
                0x000000ae                __vector_6
                0x000000ae                __vector_3
                0x000000ae                __vector_11
                0x000000ae                __vector_13
                0x000000ae                __vector_17
                0x000000ae                __vector_7
                0x000000ae                __vector_5
                0x000000ae                __vector_4
                0x000000ae                __vector_9
                0x000000ae                __vector_2
                0x000000ae                __vector_15
                0x000000ae                __vector_8
                0x000000ae                __vector_14
                0x000000ae                __vector_10
                0x000000ae                __vector_16
                0x000000ae                __vector_18
 .text          0x000000b0      0x3fc 20130212_mega8_usbisp.o
                0x0000027a                usbFunctionSetup
                0x000000b0                main
                0x000001f0                usbFunctionRead
                0x000000ce                usbFunctionWrite
 .text          0x000004ac       0x18 clock.o
                0x000004ac                clockWait
 .text          0x000004c4      0x414 isp.o
                0x000005d0                ispDisconnect
                0x000004d2                ispSetSCKOption
                0x0000079c                ispFlushPage
                0x00000620                ispTransmit_hw
                0x000006b0                ispReadFlash
                0x00000832                ispWriteFlash
                0x000005e0                ispTransmit_sw
                0x00000718                ispReadEEPROM
                0x000004c4                spiHWenable
                0x0000062a                ispEnterProgrammingMode
                0x0000058e                ispConnect
                0x00000754                ispWriteEEPROM
                0x0000057e                ispDelay
 .text          0x000008d8        0x0 oddebug.o
 .text          0x000008d8      0x238 usbdrv.o
                0x000008e6                usbPoll
                0x000008d8                usbInit
 .text          0x00000b10      0x28c usbdrvasm.o
                0x00000b42                __vector_1
                0x00000b10                usbCrc16
                0x00000b3a                usbCrc16Append
 .text          0x00000d9c        0x0 d:/programs/winavr-20100110/bin/../lib/gcc/avr/4.3.3/avr4\libgcc.a(_exit.o)
 .text          0x00000d9c        0x0 d:/programs/winavr-20100110/bin/../lib/gcc/avr/4.3.3/avr4\libgcc.a(_copy_data.o)
 .text          0x00000d9c        0x0 d:/programs/winavr-20100110/bin/../lib/gcc/avr/4.3.3/avr4\libgcc.a(_clear_bss.o)
                0x00000d9c                . = ALIGN (0x2)
 *(.text.*)
 .text.libgcc   0x00000d9c        0x0 d:/programs/winavr-20100110/bin/../lib/gcc/avr/4.3.3/avr4\libgcc.a(_exit.o)
 .text.libgcc   0x00000d9c        0x0 d:/programs/winavr-20100110/bin/../lib/gcc/avr/4.3.3/avr4\libgcc.a(_copy_data.o)
 .text.libgcc   0x00000d9c        0x0 d:/programs/winavr-20100110/bin/../lib/gcc/avr/4.3.3/avr4\libgcc.a(_clear_bss.o)
                0x00000d9c                . = ALIGN (0x2)
 *(.fini9)
 .fini9         0x00000d9c        0x0 d:/programs/winavr-20100110/bin/../lib/gcc/avr/4.3.3/avr4\libgcc.a(_exit.o)
                0x00000d9c                exit
                0x00000d9c                _exit
 *(.fini9)
 *(.fini8)
 *(.fini8)
 *(.fini7)
 *(.fini7)
 *(.fini6)
 *(.fini6)
 *(.fini5)
 *(.fini5)
 *(.fini4)
 *(.fini4)
 *(.fini3)
 *(.fini3)
 *(.fini2)
 *(.fini2)
 *(.fini1)
 *(.fini1)
 *(.fini0)
 .fini0         0x00000d9c        0x4 d:/programs/winavr-20100110/bin/../lib/gcc/avr/4.3.3/avr4\libgcc.a(_exit.o)
 *(.fini0)
                0x00000da0                _etext = .

.data           0x00800060        0x2 load address 0x00000da0
                0x00800060                PROVIDE (__data_start, .)
 *(.data)
 .data          0x00800060        0x0 d:/programs/winavr-20100110/bin/../lib/gcc/avr/4.3.3/../../../../avr/lib/avr4/crtm8.o
 .data          0x00800060        0x0 20130212_mega8_usbisp.o
 .data          0x00800060        0x0 clock.o
 .data          0x00800060        0x0 isp.o
 .data          0x00800060        0x0 oddebug.o
 .data          0x00800060        0x2 usbdrv.o
                0x00800060                usbTxLen
 .data          0x00800062        0x0 usbdrvasm.o
 .data          0x00800062        0x0 d:/programs/winavr-20100110/bin/../lib/gcc/avr/4.3.3/avr4\libgcc.a(_exit.o)
 .data          0x00800062        0x0 d:/programs/winavr-20100110/bin/../lib/gcc/avr/4.3.3/avr4\libgcc.a(_copy_data.o)
 .data          0x00800062        0x0 d:/programs/winavr-20100110/bin/../lib/gcc/avr/4.3.3/avr4\libgcc.a(_clear_bss.o)
 *(.data*)
 *(.rodata)
 *(.rodata*)
 *(.gnu.linkonce.d*)
                0x00800062                . = ALIGN (0x2)
                0x00800062                _edata = .
                0x00800062                PROVIDE (__data_end, .)

.bss            0x00800062       0x45
                0x00800062                PROVIDE (__bss_start, .)
 *(.bss)
 .bss           0x00800062        0x0 d:/programs/winavr-20100110/bin/../lib/gcc/avr/4.3.3/../../../../avr/lib/avr4/crtm8.o
 .bss           0x00800062       0x15 20130212_mega8_usbisp.o
 .bss           0x00800077        0x0 clock.o
 .bss           0x00800077        0x0 isp.o
 .bss           0x00800077        0x0 oddebug.o
 .bss           0x00800077        0x1 usbdrv.o
 .bss           0x00800078        0x0 usbdrvasm.o
 .bss           0x00800078        0x0 d:/programs/winavr-20100110/bin/../lib/gcc/avr/4.3.3/avr4\libgcc.a(_exit.o)
 .bss           0x00800078        0x0 d:/programs/winavr-20100110/bin/../lib/gcc/avr/4.3.3/avr4\libgcc.a(_copy_data.o)
 .bss           0x00800078        0x0 d:/programs/winavr-20100110/bin/../lib/gcc/avr/4.3.3/avr4\libgcc.a(_clear_bss.o)
 *(.bss*)
 *(COMMON)
 COMMON         0x00800078        0x2 20130212_mega8_usbisp.o
                0x00800078                ispTransmit
 COMMON         0x0080007a        0x3 isp.o
                0x0080007a                sck_spsr
                0x0080007b                sck_spcr
                0x0080007c                sck_sw_delay
 COMMON         0x0080007d       0x2a usbdrv.o
                0x0080007d                usbTxBuf
                0x00800088                usbDeviceAddr
                0x00800089                usbRxToken
                0x0080008a                usbInputBufOffset
                0x0080008b                usbMsgPtr
                0x0080008d                usbRxLen
                0x0080008e                usbNewDeviceAddr
                0x0080008f                usbCurrentTok
                0x00800090                usbConfiguration
                0x00800091                usbRxBuf
                0x008000a7                PROVIDE (__bss_end, .)
                0x00000da0                __data_load_start = LOADADDR (.data)
                0x00000da2                __data_load_end = (__data_load_start + SIZEOF (.data))

.noinit         0x008000a7        0x0
                0x008000a7                PROVIDE (__noinit_start, .)
 *(.noinit*)
                0x008000a7                PROVIDE (__noinit_end, .)
                0x008000a7                _end = .
                0x008000a7                PROVIDE (__heap_start, .)

.eeprom         0x00810000        0x0
 *(.eeprom*)
                0x00810000                __eeprom_end = .

.fuse
 *(.fuse)
 *(.lfuse)
 *(.hfuse)
 *(.efuse)

.lock
 *(.lock*)

.signature
 *(.signature*)

.stab
 *(.stab)

.stabstr
 *(.stabstr)

.stab.excl
 *(.stab.excl)

.stab.exclstr
 *(.stab.exclstr)

.stab.index
 *(.stab.index)

.stab.indexstr
 *(.stab.indexstr)

.comment
 *(.comment)

.debug
 *(.debug)

.line
 *(.line)

.debug_srcinfo
 *(.debug_srcinfo)

.debug_sfnames
 *(.debug_sfnames)

.debug_aranges  0x00000000       0xa0
 *(.debug_aranges)
 .debug_aranges
                0x00000000       0x20 20130212_mega8_usbisp.o
 .debug_aranges
                0x00000020       0x20 clock.o
 .debug_aranges
                0x00000040       0x20 isp.o
 .debug_aranges
                0x00000060       0x20 usbdrv.o
 .debug_aranges
                0x00000080       0x20 usbdrvasm.o

.debug_pubnames
                0x00000000      0x32e
 *(.debug_pubnames)
 .debug_pubnames
                0x00000000       0x69 20130212_mega8_usbisp.o
 .debug_pubnames
                0x00000069       0x20 clock.o
 .debug_pubnames
                0x00000089      0x13a isp.o
 .debug_pubnames
                0x000001c3      0x16b usbdrv.o

.debug_info     0x00000000      0xfbe
 *(.debug_info)
 .debug_info    0x00000000      0x251 20130212_mega8_usbisp.o
 .debug_info    0x00000251       0xaf clock.o
 .debug_info    0x00000300      0x47b isp.o
 .debug_info    0x0000077b       0x61 oddebug.o
 .debug_info    0x000007dc      0x77a usbdrv.o
 .debug_info    0x00000f56       0x68 usbdrvasm.o
 *(.gnu.linkonce.wi.*)

.debug_abbrev   0x00000000      0x5c1
 *(.debug_abbrev)
 .debug_abbrev  0x00000000       0xf3 20130212_mega8_usbisp.o
 .debug_abbrev  0x000000f3       0x82 clock.o
 .debug_abbrev  0x00000175      0x1ee isp.o
 .debug_abbrev  0x00000363       0x33 oddebug.o
 .debug_abbrev  0x00000396      0x217 usbdrv.o
 .debug_abbrev  0x000005ad       0x14 usbdrvasm.o

.debug_line     0x00000000      0xe50
 *(.debug_line)
 .debug_line    0x00000000      0x36c 20130212_mega8_usbisp.o
 .debug_line    0x0000036c       0xbe clock.o
 .debug_line    0x0000042a      0x4f0 isp.o
 .debug_line    0x0000091a       0x3e oddebug.o
 .debug_line    0x00000958      0x347 usbdrv.o
 .debug_line    0x00000c9f      0x1b1 usbdrvasm.o

.debug_frame    0x00000000      0x180
 *(.debug_frame)
 .debug_frame   0x00000000       0x50 20130212_mega8_usbisp.o
 .debug_frame   0x00000050       0x20 clock.o
 .debug_frame   0x00000070       0xe0 isp.o
 .debug_frame   0x00000150       0x30 usbdrv.o

.debug_str      0x00000000      0x562
 *(.debug_str)
 .debug_str     0x00000000      0x163 20130212_mega8_usbisp.o
                                0x197 (size before relaxing)
 .debug_str     0x00000163       0x27 clock.o
                                 0xd2 (size before relaxing)
 .debug_str     0x0000018a      0x122 isp.o
                                0x1f3 (size before relaxing)
 .debug_str     0x000002ac        0xd oddebug.o
                                 0xb3 (size before relaxing)
 .debug_str     0x000002b9      0x2a9 usbdrv.o
                                0x386 (size before relaxing)

.debug_loc      0x00000000      0x740
 *(.debug_loc)
 .debug_loc     0x00000000      0x12d 20130212_mega8_usbisp.o
 .debug_loc     0x0000012d       0x1e clock.o
 .debug_loc     0x0000014b      0x2f2 isp.o
 .debug_loc     0x0000043d      0x303 usbdrv.o

.debug_macinfo
 *(.debug_macinfo)
OUTPUT(20130212_mega8_usbisp.elf elf32-avr)
LOAD linker stubs

.debug_ranges   0x00000000       0x80
 .debug_ranges  0x00000000       0x30 isp.o
 .debug_ranges  0x00000030       0x50 usbdrv.o
